// Jest Snapshot v1, https://goo.gl/fbAQLP

exports[`renders correctly 1`] = `
<DocumentFragment>
  <div
    class="MuiTableContainer-root css-rorn0c-MuiTableContainer-root"
  >
    <table
      class="MuiTable-root css-gh8rj1-MuiTable-root"
    >
      <tbody
        class="MuiTableBody-root css-apqrd9-MuiTableBody-root"
      >
        <tr
          class="MuiTableRow-root css-kxwusg-MuiTableRow-root"
        >
          <th
            class="MuiTableCell-root MuiTableCell-body MuiTableCell-sizeMedium css-1y7quc6-MuiTableCell-root"
            scope="row"
          >
            Reservation Price
          </th>
          <td
            class="MuiTableCell-root MuiTableCell-body MuiTableCell-alignRight MuiTableCell-sizeMedium css-f9hqh2-MuiTableCell-root"
          />
        </tr>
        <tr
          class="MuiTableRow-root css-kxwusg-MuiTableRow-root"
        >
          <th
            class="MuiTableCell-root MuiTableCell-body MuiTableCell-sizeMedium css-1y7quc6-MuiTableCell-root"
            scope="row"
          >
            Transaction fee
          </th>
          <td
            class="MuiTableCell-root MuiTableCell-body MuiTableCell-alignRight MuiTableCell-sizeMedium css-f9hqh2-MuiTableCell-root"
          />
        </tr>
        <tr
          class="MuiTableRow-root css-kxwusg-MuiTableRow-root"
        >
          <th
            class="MuiTableCell-root MuiTableCell-body MuiTableCell-sizeMedium css-1y7quc6-MuiTableCell-root"
            scope="row"
          >
            Total amount
          </th>
          <td
            class="MuiTableCell-root MuiTableCell-body MuiTableCell-alignRight MuiTableCell-sizeMedium css-f9hqh2-MuiTableCell-root"
          >
            0
          </td>
        </tr>
        <tr
          class="MuiTableRow-root css-kxwusg-MuiTableRow-root"
        >
          <th
            class="MuiTableCell-root MuiTableCell-body MuiTableCell-sizeMedium css-1y7quc6-MuiTableCell-root"
            scope="row"
          >
            Cancelation Fee
          </th>
          <td
            class="MuiTableCell-root MuiTableCell-body MuiTableCell-alignRight MuiTableCell-sizeMedium css-f9hqh2-MuiTableCell-root"
          >
            30%
          </td>
        </tr>
      </tbody>
    </table>
  </div>
</DocumentFragment>
`;
